---
source: crates/main/amethystate/tests/kv.rs
expression: shape(&err)
---
the store could not carry out the write
├╴kv cell: ui.width
│
├─▶ the store could not read
│   ├╴store: <store>
│   ╰╴key: ui.width (unflushed)
│
├─▶ the value could not be encoded or decoded
│   ├╴path: ui.width
│   ╰╴decoding 3 bytes of messagepack
│
├─▶ Erased codec error: invalid type: integer `800`, expected a string
│
╰─▶ invalid type: integer `800`, expected a string
